10:34:47,953 logger INFO Запуск основного процесса...
10:34:47,953 logger INFO Бот запущен и готов к использованию.
10:36:49,628 logger INFO Поллинг остановлен.
10:36:49,632 logger INFO Запуск завершен.
10:36:52,598 logger INFO Запуск основного процесса...
10:36:52,598 logger INFO Бот запущен и готов к использованию.
10:44:16,304 logger INFO Поллинг остановлен.
10:44:16,307 logger INFO Запуск завершен.
10:44:25,656 logger INFO Запуск основного процесса...
10:44:25,657 logger INFO Бот запущен и готов к использованию.
10:52:50,931 logger INFO Поллинг остановлен.
10:52:50,936 logger INFO Запуск завершен.
15:39:42,391 logger INFO Запуск основного процесса...
15:39:42,393 logger INFO Бот запущен и готов к использованию.
15:40:03,696 logger ERROR Произошла ошибка во время работы бота: HTTP Client says - ClientConnectorError: Cannot connect to host api.telegram.org:443 ssl:default [Превышен таймаут семафора]
15:40:03,697 logger INFO Поллинг остановлен.
15:40:03,700 logger INFO Запуск завершен.
15:55:38,156 logger INFO Запуск основного процесса...
15:55:38,158 logger INFO Бот запущен и готов к использованию.
17:10:45,756 logger INFO Запуск основного процесса...
17:10:45,756 logger INFO Бот запущен и готов к использованию.
17:16:13,856 logger INFO Запуск основного процесса...
17:16:13,856 logger INFO Бот запущен и готов к использованию.
17:21:10,156 logger INFO Запуск основного процесса...
17:21:10,156 logger INFO Бот запущен и готов к использованию.
17:21:44,322 logger INFO Запуск основного процесса...
17:21:44,323 logger INFO Бот запущен и готов к использованию.
17:23:17,887 logger INFO Запуск основного процесса...
17:23:17,888 logger INFO Бот запущен и готов к использованию.
17:24:55,620 logger INFO Запуск основного процесса...
17:24:55,621 logger INFO Бот запущен и готов к использованию.
17:25:12,249 logger INFO Поллинг остановлен.
17:25:12,251 logger INFO Завершение работы программы.
17:25:12,252 logger INFO Запуск завершен.
